
> podcast@0.1.0 test
> jest --verbose

  console.error
    TypeError: containerRef.current.scrollTo is not a function
        at scrollTo (C:\Users\Marcos\Desktop\iaPodcast-\app\components\WheelPicker.tsx:48:30)
        at scrollToIndex (C:\Users\Marcos\Desktop\iaPodcast-\app\components\WheelPicker.tsx:250:15)
        at executeDispatch (C:\Users\Marcos\Desktop\iaPodcast-\node_modules\react-dom\cjs\react-dom-client.development.js:19116:9)
        at runWithFiberInDEV (C:\Users\Marcos\Desktop\iaPodcast-\node_modules\react-dom\cjs\react-dom-client.development.js:874:13)
        at processDispatchQueue (C:\Users\Marcos\Desktop\iaPodcast-\node_modules\react-dom\cjs\react-dom-client.development.js:19166:19)
        at C:\Users\Marcos\Desktop\iaPodcast-\node_modules\react-dom\cjs\react-dom-client.development.js:19767:9
        at batchedUpdates$1 (C:\Users\Marcos\Desktop\iaPodcast-\node_modules\react-dom\cjs\react-dom-client.development.js:3255:40)
        at dispatchEventForPluginEventSystem (C:\Users\Marcos\Desktop\iaPodcast-\node_modules\react-dom\cjs\react-dom-client.development.js:19320:7)
        at dispatchEvent (C:\Users\Marcos\Desktop\iaPodcast-\node_modules\react-dom\cjs\react-dom-client.development.js:23585:11)
        at dispatchDiscreteEvent (C:\Users\Marcos\Desktop\iaPodcast-\node_modules\react-dom\cjs\react-dom-client.development.js:23553:11)
        at HTMLDivElement.callTheUserObjectsOperation (C:\Users\Marcos\Desktop\iaPodcast-\node_modules\jsdom\lib\jsdom\living\generated\EventListener.js:26:30)
        at innerInvokeEventListeners (C:\Users\Marcos\Desktop\iaPodcast-\node_modules\jsdom\lib\jsdom\living\events\EventTarget-impl.js:350:25)
        at invokeEventListeners (C:\Users\Marcos\Desktop\iaPodcast-\node_modules\jsdom\lib\jsdom\living\events\EventTarget-impl.js:286:3)
        at HTMLSpanElementImpl._dispatch (C:\Users\Marcos\Desktop\iaPodcast-\node_modules\jsdom\lib\jsdom\living\events\EventTarget-impl.js:233:9)
        at HTMLSpanElementImpl.dispatchEvent (C:\Users\Marcos\Desktop\iaPodcast-\node_modules\jsdom\lib\jsdom\living\events\EventTarget-impl.js:104:17)
        at HTMLSpanElement.dispatchEvent (C:\Users\Marcos\Desktop\iaPodcast-\node_modules\jsdom\lib\jsdom\living\generated\EventTarget.js:241:34)
        at C:\Users\Marcos\Desktop\iaPodcast-\node_modules\@testing-library\dom\dist\events.js:19:20
        at C:\Users\Marcos\Desktop\iaPodcast-\node_modules\@testing-library\react\dist\pure.js:107:16
        at C:\Users\Marcos\Desktop\iaPodcast-\node_modules\@testing-library\react\dist\act-compat.js:47:24
        at process.env.NODE_ENV.exports.act (C:\Users\Marcos\Desktop\iaPodcast-\node_modules\react\cjs\react.development.js:814:22)
        at C:\Users\Marcos\Desktop\iaPodcast-\node_modules\@testing-library\react\dist\act-compat.js:46:25
        at Object.eventWrapper (C:\Users\Marcos\Desktop\iaPodcast-\node_modules\@testing-library\react\dist\pure.js:106:28)
        at fireEvent (C:\Users\Marcos\Desktop\iaPodcast-\node_modules\@testing-library\dom\dist\events.js:12:35)
        at fireEvent.<computed> [as click] (C:\Users\Marcos\Desktop\iaPodcast-\node_modules\@testing-library\dom\dist\events.js:110:36)
        at fireEvent.<computed> [as click] (C:\Users\Marcos\Desktop\iaPodcast-\node_modules\@testing-library\react\dist\fire-event.js:15:52)
        at Object.click (C:\Users\Marcos\Desktop\iaPodcast-\__tests__\components\WheelPicker.test.tsx:35:19)
        at Promise.finally.completed (C:\Users\Marcos\Desktop\iaPodcast-\node_modules\jest-circus\build\jestAdapterInit.js:1557:28)
        at new Promise (<anonymous>)
        at callAsyncCircusFn (C:\Users\Marcos\Desktop\iaPodcast-\node_modules\jest-circus\build\jestAdapterInit.js:1497:10)
        at _callCircusTest (C:\Users\Marcos\Desktop\iaPodcast-\node_modules\jest-circus\build\jestAdapterInit.js:1007:40)
        at _runTest (C:\Users\Marcos\Desktop\iaPodcast-\node_modules\jest-circus\build\jestAdapterInit.js:947:3)
        at C:\Users\Marcos\Desktop\iaPodcast-\node_modules\jest-circus\build\jestAdapterInit.js:849:7
        at _runTestsForDescribeBlock (C:\Users\Marcos\Desktop\iaPodcast-\node_modules\jest-circus\build\jestAdapterInit.js:862:11)
        at _runTestsForDescribeBlock (C:\Users\Marcos\Desktop\iaPodcast-\node_modules\jest-circus\build\jestAdapterInit.js:857:11)
        at run (C:\Users\Marcos\Desktop\iaPodcast-\node_modules\jest-circus\build\jestAdapterInit.js:761:3)
        at runAndTransformResultsToJestFormat (C:\Users\Marcos\Desktop\iaPodcast-\node_modules\jest-circus\build\jestAdapterInit.js:1918:21)
        at jestAdapter (C:\Users\Marcos\Desktop\iaPodcast-\node_modules\jest-circus\build\runner.js:101:19)
        at runTestInternal (C:\Users\Marcos\Desktop\iaPodcast-\node_modules\jest-runner\build\index.js:275:16)
        at runTest (C:\Users\Marcos\Desktop\iaPodcast-\node_modules\jest-runner\build\index.js:343:7)

    [0m [90m 33 |[39m         )
     [90m 34 |[39m
    [31m[1m>[22m[39m[90m 35 |[39m         fireEvent[33m.[39mclick(screen[33m.[39mgetByText([32m'Option 2'[39m))
     [90m    |[39m                   [31m[1m^[22m[39m
     [90m 36 |[39m         expect(handleChange)[33m.[39mtoHaveBeenCalledWith([32m'opt2'[39m)
     [90m 37 |[39m     })
     [90m 38 |[39m })[0m

      at process.env.NODE_ENV.reportGlobalError (node_modules/react-dom/cjs/react-dom-client.development.js:25513:23)
      at executeDispatch (node_modules/react-dom/cjs/react-dom-client.development.js:19118:9)
      at runWithFiberInDEV (node_modules/react-dom/cjs/react-dom-client.development.js:874:13)
      at processDispatchQueue (node_modules/react-dom/cjs/react-dom-client.development.js:19166:19)
      at node_modules/react-dom/cjs/react-dom-client.development.js:19767:9
      at batchedUpdates$1 (node_modules/react-dom/cjs/react-dom-client.development.js:3255:40)
      at dispatchEventForPluginEventSystem (node_modules/react-dom/cjs/react-dom-client.development.js:19320:7)
      at dispatchEvent (node_modules/react-dom/cjs/react-dom-client.development.js:23585:11)
      at dispatchDiscreteEvent (node_modules/react-dom/cjs/react-dom-client.development.js:23553:11)
      at HTMLDivElement.callTheUserObjectsOperation (node_modules/jsdom/lib/jsdom/living/generated/EventListener.js:26:30)
      at innerInvokeEventListeners (node_modules/jsdom/lib/jsdom/living/events/EventTarget-impl.js:350:25)
      at invokeEventListeners (node_modules/jsdom/lib/jsdom/living/events/EventTarget-impl.js:286:3)
      at HTMLSpanElementImpl._dispatch (node_modules/jsdom/lib/jsdom/living/events/EventTarget-impl.js:233:9)
      at HTMLSpanElementImpl.dispatchEvent (node_modules/jsdom/lib/jsdom/living/events/EventTarget-impl.js:104:17)
      at HTMLSpanElement.dispatchEvent (node_modules/jsdom/lib/jsdom/living/generated/EventTarget.js:241:34)
      at node_modules/@testing-library/dom/dist/events.js:19:20
      at node_modules/@testing-library/react/dist/pure.js:107:16
      at node_modules/@testing-library/react/dist/act-compat.js:47:24
      at process.env.NODE_ENV.exports.act (node_modules/react/cjs/react.development.js:814:22)
      at node_modules/@testing-library/react/dist/act-compat.js:46:25
      at Object.eventWrapper (node_modules/@testing-library/react/dist/pure.js:106:28)
      at fireEvent (node_modules/@testing-library/dom/dist/events.js:12:35)
      at fireEvent.<computed> [as click] (node_modules/@testing-library/dom/dist/events.js:110:36)
      at fireEvent.<computed> [as click] (node_modules/@testing-library/react/dist/fire-event.js:15:52)
      at Object.click (__tests__/components/WheelPicker.test.tsx:35:19)

node.exe : FAIL __tests__/components/WheelPicker.test.tsx
At line:1 char:1
+ & "C:\Program Files\nodejs/node.exe" "C:\Program Files\nodejs/node_mo ...
+ ~~~~~~~~~~~~~~~~~~~~~~~~~~~~~~~~~~~~~~~~~~~~~~~~~~~~~~~~~~~~~~~~~~~~~
    + CategoryInfo          : NotSpecified: (FAIL __tests__/...Picker.test.tsx:String) [], RemoteExc 
   eption
    + FullyQualifiedErrorId : NativeCommandError
 
  WheelPicker
    ÔêÜ renders correctly (68 ms)
    ├ù calls onChange when clicking an option (84 ms)

  ÔùÅ WheelPicker ÔÇ║ calls onChange when clicking an option

    TypeError: containerRef.current.scrollTo is not a function

    [0m [90m 46 |[39m       [36mconst[39m targetScroll [33m=[39m index [33m*[39m 
itemHeight[33m;[39m
     [90m 47 |[39m       [36mif[39m (smooth) {
    [31m[1m>[22m[39m[90m 48 |[39m         containerRef[33m.[39mcurrent[33m.[39mscrollTo({
     [90m    |[39m                              [31m[1m^[22m[39m
     [90m 49 |[39m           top[33m:[39m targetScroll[33m,[39m
     [90m 50 |[39m           behavior[33m:[39m [32m"smooth"[39m[33m,[39m
     [90m 51 |[39m         })[33m;[39m[0m

      at scrollTo (app/components/WheelPicker.tsx:48:30)
      at scrollToIndex (app/components/WheelPicker.tsx:250:15)
      at executeDispatch (node_modules/react-dom/cjs/react-dom-client.development.js:19116:9)
      at runWithFiberInDEV (node_modules/react-dom/cjs/react-dom-client.development.js:874:13)
      at processDispatchQueue (node_modules/react-dom/cjs/react-dom-client.development.js:19166:19)
      at node_modules/react-dom/cjs/react-dom-client.development.js:19767:9
      at batchedUpdates$1 (node_modules/react-dom/cjs/react-dom-client.development.js:3255:40)
      at dispatchEventForPluginEventSystem 
(node_modules/react-dom/cjs/react-dom-client.development.js:19320:7)
      at dispatchEvent (node_modules/react-dom/cjs/react-dom-client.development.js:23585:11)
      at dispatchDiscreteEvent (node_modules/react-dom/cjs/react-dom-client.development.js:23553:11)
      at HTMLDivElement.callTheUserObjectsOperation 
(node_modules/jsdom/lib/jsdom/living/generated/EventListener.js:26:30)
      at innerInvokeEventListeners 
(node_modules/jsdom/lib/jsdom/living/events/EventTarget-impl.js:350:25)
      at invokeEventListeners (node_modules/jsdom/lib/jsdom/living/events/EventTarget-impl.js:286:3)
      at HTMLSpanElementImpl._dispatch 
(node_modules/jsdom/lib/jsdom/living/events/EventTarget-impl.js:233:9)
      at HTMLSpanElementImpl.dispatchEvent 
(node_modules/jsdom/lib/jsdom/living/events/EventTarget-impl.js:104:17)
      at HTMLSpanElement.dispatchEvent 
(node_modules/jsdom/lib/jsdom/living/generated/EventTarget.js:241:34)
      at node_modules/@testing-library/dom/dist/events.js:19:20
      at node_modules/@testing-library/react/dist/pure.js:107:16
      at node_modules/@testing-library/react/dist/act-compat.js:47:24
      at process.env.NODE_ENV.exports.act (node_modules/react/cjs/react.development.js:814:22)
      at node_modules/@testing-library/react/dist/act-compat.js:46:25
      at Object.eventWrapper (node_modules/@testing-library/react/dist/pure.js:106:28)
      at fireEvent (node_modules/@testing-library/dom/dist/events.js:12:35)
      at fireEvent.<computed> [as click] (node_modules/@testing-library/dom/dist/events.js:110:36)
      at fireEvent.<computed> [as click] 
(node_modules/@testing-library/react/dist/fire-event.js:15:52)
      at Object.click (__tests__/components/WheelPicker.test.tsx:35:19)

  ÔùÅ WheelPicker ÔÇ║ calls onChange when clicking an option

    expect(jest.fn()).toHaveBeenCalledWith(...expected)

    Expected: "opt2"

    Number of calls: 0

    [0m [90m 34 |[39m
     [90m 35 |[39m         fireEvent[33m.[39mclick(screen[33m.[39mgetByText([32m'Option 
2'[39m))
    [31m[1m>[22m[39m[90m 36 |[39m         
expect(handleChange)[33m.[39mtoHaveBeenCalledWith([32m'opt2'[39m)
     [90m    |[39m                              [31m[1m^[22m[39m
     [90m 37 |[39m     })
     [90m 38 |[39m })
     [90m 39 |[39m[0m

      at Object.toHaveBeenCalledWith (__tests__/components/WheelPicker.test.tsx:36:30)

Test Suites: 1 failed, 1 total
Tests:       1 failed, 1 passed, 2 total
Snapshots:   0 total
Time:        1.928 s
Ran all test suites.
